COMMAND: vina --config <module_root>/configs/dock_MMP9_MOL000006.txt

AutoDock Vina f458505-mod
#################################################################
# If you used AutoDock Vina in your work, please cite:          #
#                                                               #
# J. Eberhardt, D. Santos-Martins, A. F. Tillack, and S. Forli  #
# AutoDock Vina 1.2.0: New Docking Methods, Expanded Force      #
# Field, and Python Bindings, J. Chem. Inf. Model. (2021)       #
# DOI 10.1021/acs.jcim.1c00203                                  #
#                                                               #
# O. Trott, A. J. Olson,                                        #
# AutoDock Vina: improving the speed and accuracy of docking    #
# with a new scoring function, efficient optimization and       #
# multithreading, J. Comp. Chem. (2010)                         #
# DOI 10.1002/jcc.21334                                         #
#                                                               #
# Please see https://github.com/ccsb-scripps/AutoDock-Vina for  #
# more information.                                             #
#################################################################

Scoring function : vina
Rigid receptor: <module_root>/prepared/MMP9/receptor.pdbqt
Ligand: <module_root>/results/candidate_docking/MMP9/MOL000006/MOL000006.pdbqt
Grid center: X 65.839 Y 30.707 Z 117.746
Grid size  : X 22 Y 22 Z 23
Grid space : 0.375
Exhaustiveness: 32
CPU: 8
Verbosity: 1

Computing Vina grid ... done.
Performing docking (random seed: 20260927) ... 
0%   10   20   30   40   50   60   70   80   90   100%
|----|----|----|----|----|----|----|----|----|----|
***************************************************

mode |   affinity | dist from best mode
     | (kcal/mol) | rmsd l.b.| rmsd u.b.
-----+------------+----------+----------
   1       -9.619          0          0
   2        -9.42      1.908      1.989
   3       -9.404      1.396      7.017
   4       -8.651      3.021      5.332
   5       -8.598      2.548      3.272
   6        -8.43       2.28      3.055
   7       -8.418      3.477      4.228
   8        -8.15      2.738       4.24
   9       -7.598      3.161      5.849
  10        -7.38      2.648      4.725
  11       -7.339       2.47      7.739
  12       -7.332      4.698      6.739
  13       -6.949      6.159      11.47
  14       -6.943      5.811      8.034
  15       -6.898      4.838      7.318
  16       -6.897      3.348      8.055
  17       -6.654      5.001      6.078
  18        -6.64      7.858      13.05
  19       -6.627      5.225      6.739
  20       -6.562      4.339      8.267
