COMMAND: vina --config <module_root>/configs/dock_NR3C2_MOL008407.txt

AutoDock Vina f458505-mod
#################################################################
# If you used AutoDock Vina in your work, please cite:          #
#                                                               #
# J. Eberhardt, D. Santos-Martins, A. F. Tillack, and S. Forli  #
# AutoDock Vina 1.2.0: New Docking Methods, Expanded Force      #
# Field, and Python Bindings, J. Chem. Inf. Model. (2021)       #
# DOI 10.1021/acs.jcim.1c00203                                  #
#                                                               #
# O. Trott, A. J. Olson,                                        #
# AutoDock Vina: improving the speed and accuracy of docking    #
# with a new scoring function, efficient optimization and       #
# multithreading, J. Comp. Chem. (2010)                         #
# DOI 10.1002/jcc.21334                                         #
#                                                               #
# Please see https://github.com/ccsb-scripps/AutoDock-Vina for  #
# more information.                                             #
#################################################################

Scoring function : vina
Rigid receptor: <module_root>/prepared/NR3C2/receptor.pdbqt
Ligand: <module_root>/results/candidate_docking/NR3C2/MOL008407/MOL008407.pdbqt
Grid center: X 18.823 Y 72.533 Z 20.402
Grid size  : X 22 Y 22 Z 22
Grid space : 0.375
Exhaustiveness: 32
CPU: 8
Verbosity: 1

Computing Vina grid ... done.
Performing docking (random seed: 20260927) ... 
0%   10   20   30   40   50   60   70   80   90   100%
|----|----|----|----|----|----|----|----|----|----|
***************************************************

mode |   affinity | dist from best mode
     | (kcal/mol) | rmsd l.b.| rmsd u.b.
-----+------------+----------+----------
   1       -3.929          0          0
   2        -3.47      3.644      9.537
   3       -3.262     0.8859      1.617
   4       -2.248      1.224      2.225
   5       -2.003      3.627      9.329
   6       -1.799      3.655      9.189
   7       -1.605      2.656      7.437
   8       -1.182      2.685      7.549
   9       -1.054      3.494      9.333
  10      0.07092      2.904      8.049
  11        1.288      2.811      8.114
  12        2.004       1.69       3.71
  13        2.671      1.874      3.701
  14        2.676      1.456      2.028
  15        3.437      2.986      8.209
  16        4.138      2.916      7.698
  17        4.312      4.175      9.728
  18        4.983      2.527      3.878
  19        5.101      3.386      8.088
  20        5.119      3.007      7.687
