COMMAND: vina --config <module_root>/configs/dock_NR3C2_MOL000449.txt

AutoDock Vina f458505-mod
#################################################################
# If you used AutoDock Vina in your work, please cite:          #
#                                                               #
# J. Eberhardt, D. Santos-Martins, A. F. Tillack, and S. Forli  #
# AutoDock Vina 1.2.0: New Docking Methods, Expanded Force      #
# Field, and Python Bindings, J. Chem. Inf. Model. (2021)       #
# DOI 10.1021/acs.jcim.1c00203                                  #
#                                                               #
# O. Trott, A. J. Olson,                                        #
# AutoDock Vina: improving the speed and accuracy of docking    #
# with a new scoring function, efficient optimization and       #
# multithreading, J. Comp. Chem. (2010)                         #
# DOI 10.1002/jcc.21334                                         #
#                                                               #
# Please see https://github.com/ccsb-scripps/AutoDock-Vina for  #
# more information.                                             #
#################################################################

Scoring function : vina
Rigid receptor: <module_root>/prepared/NR3C2/receptor.pdbqt
Ligand: <module_root>/results/candidate_docking/NR3C2/MOL000449/MOL000449.pdbqt
Grid center: X 18.823 Y 72.533 Z 20.402
Grid size  : X 22 Y 22 Z 22
Grid space : 0.375
Exhaustiveness: 32
CPU: 8
Verbosity: 1

Computing Vina grid ... done.
Performing docking (random seed: 20260927) ... 
0%   10   20   30   40   50   60   70   80   90   100%
|----|----|----|----|----|----|----|----|----|----|
***************************************************

mode |   affinity | dist from best mode
     | (kcal/mol) | rmsd l.b.| rmsd u.b.
-----+------------+----------+----------
   1       -2.416          0          0
   2       -2.359      1.205       2.86
   3       -2.282      3.763      9.575
   4       -1.994      1.162      2.409
   5       -1.357      3.714      9.232
   6      -0.8349       3.04       4.29
   7      -0.7594      3.386      9.478
   8      -0.4158      2.546      4.255
   9      -0.3428      1.244       2.16
  10     0.007303       1.42       2.43
  11        1.911      2.244      4.282
  12        1.987      4.133      11.87
  13        2.827      2.413        3.8
  14         3.46      3.608      9.045
  15         3.85       3.51       9.42
  16        4.679      3.599      9.428
  17        5.724      3.707      9.706
  18        6.457      2.424      4.564
  19        6.829      3.785      10.55
  20        7.359      3.455      9.051
